---
source: crates/ruff_python_trivia/src/tokenizer.rs
expression: test_case.tokens()
---
[
    SimpleToken {
        kind: RArrow,
        range: 0..2,
    },
    SimpleToken {
        kind: Whitespace,
        range: 2..3,
    },
    SimpleToken {
        kind: StarEqual,
        range: 3..5,
    },
    SimpleToken {
        kind: Whitespace,
        range: 5..6,
    },
    SimpleToken {
        kind: LParen,
        range: 6..7,
    },
    SimpleToken {
        kind: Whitespace,
        range: 7..8,
    },
    SimpleToken {
        kind: MinusEqual,
        range: 8..10,
    },
    SimpleToken {
        kind: Whitespace,
        range: 10..11,
    },
    SimpleToken {
        kind: RParen,
        range: 11..12,
    },
    SimpleToken {
        kind: Whitespace,
        range: 12..13,
    },
    SimpleToken {
        kind: Tilde,
        range: 13..14,
    },
]
